
> backend@1.0.0 test
> node --experimental-vm-modules node_modules/jest/bin/jest.js --detectOpenHandles tests/user.test.js

node.exe : (node:4952) 
ExperimentalWarning: 
VM Modules is an 
experimental feature 
and might change at 
any time
At C:\laragon\bin\nodej
s\node-v22\npm.ps1:29 
char:3
+   & $NODE_EXE 
$NPM_CLI_JS $args
+   ~~~~~~~~~~~~~~~~~~~
~~~~~~~~~~
    + CategoryInfo     
         : NotSpecifi  
  ed: ((node:4952) E   
 xp...nge at any ti    
me:String) [], Rem    
oteException
    + FullyQualifiedEr 
   rorId : NativeComm  
  andError
 
(Use `node 
--trace-warnings ...` 
to show where the 
warning was created)
  console.log
    Γ£à Conectado a PostgreSQL (Neon)

      at log (src/database/db.js:22:13)

  console.log
    {
      name: 'Test',
      lastname: 'User',
      username: 'testuser_1765136942910',
      email: 'testuser_1765136942910@example.com',
      password_hash: 'password123',
      phone: '1234567890',
      user_type: 'Recolector'
    }

      at log (src/controllers/user.controller.js:37:21)

  console.error
    Error creating user: error: new row for relation "users" violates check constraint "users_user_type_check"
        at C:\Users\mawi\Desktop\INGWEB\node_modules\pg-pool\index.js:45:11
        at processTicksAndRejections (node:internal/process/task_queues:105:5)
        at Function.create (C:\Users\mawi\Desktop\INGWEB\src\models\user.model.js:43:24)
        at createUser (C:\Users\mawi\Desktop\INGWEB\src\controllers\user.controller.js:42:33) {
      length: 405,
      severity: 'ERROR',
      code: '23514',
      detail: 'Failing row contains (14, Test, User, testuser_1765136942910, testuser_1765136942910@example.com, password123, 1234567890, Recolector, t, null, null, null, null, 2025-12-07 19:49:04.562704, 2025-12-07 19:49:04.562704, null).',
      hint: undefined,
      position: undefined,
      internalPosition: undefined,
      internalQuery: undefined,
      where: undefined,
      schema: 'public',
      table: 'users',
      column: undefined,
      dataType: undefined,
      constraint: 'users_user_type_check',
      file: 'execMain.c',
      line: '2084',
      routine: 'ExecConstraints'
    }

    [0m [90m 55 |[39m
     [90m 56 |[39m         } [36mcatch[39m (err) {
    [31m[1m>[22m[39m[90m 57 |[39m             console[33m.[39merror([32m'Error creating user:'[39m[33m,[39m err)[33m;[39m
     [90m    |[39m                     [31m[1m^[22m[39m
     [90m 58 |[39m             res[33m.[39mstatus([35m500[39m)[33m.[39mjson({ error[33m:[39m [32m"Error al registrar usuario"[39m })[33m;[39m
     [90m 59 |[39m         }
     [90m 60 |[39m     }[0m

      at error (src/controllers/user.controller.js:57:21)

  console.warn
    Skipping GET user test because creation failed

    [0m [90m 30 |[39m         [90m// Si la creaci├│n fall├│, este test fallar├í o saltar├í[39m
     [90m 31 |[39m         [36mif[39m ([33m![39mcreatedUserId) {
    [31m[1m>[22m[39m[90m 32 |[39m             console[33m.[39mwarn([32m'Skipping GET user test because creation failed'[39m)[33m;[39m
     [90m    |[39m                     [31m[1m^[22m[39m
     [90m 33 |[39m             [36mreturn[39m[33m;[39m
     [90m 34 |[39m         }
     [90m 35 |[39m[0m

      at Object.warn (tests/user.test.js:32:21)

FAIL tests/user.test.js
  User Endpoints
    ├ù POST 
/users/create should 
register a new user 
(1736 ms)
    ΓêÜ GET /users/:id 
should return user 
profile (4 ms)

  ΓùÅ User Endpoints 
ΓÇ║ POST /users/create 
should register a new 
user

    expect(received).to
Equal(expected) // 
deep equality

    Expected: 201
    Received: 500

    [0m [90m 20 
|[39m             [33
m.[39msend(testUser)[
33m;[39m
     [90m 21 |[39m
    [31m[1m>[22m[39
m[90m 22 |[39m       
  expect(res[33m.[39m
statusCode)[33m.[39mt
oEqual([35m201[39m)[
33m;[39m
     [90m    |[39m   
                       
      
[31m[1m^[22m[39m
     [90m 23 |[39m   
      expect(res[33m.
[39mbody)[33m.[39mtoH
aveProperty([32m'usuar
io'[39m)[33m;[39m
     [90m 24 |[39m   
      expect(res[33m.
[39mbody[33m.[39musua
rio)[33m.[39mtoHavePr
operty([32m'id_user'[
39m)[33m;[39m
     [90m 25 
|[39m[0m

      at 
Object.toEqual (tests/u
ser.test.js:22:32)

Test Suites: 1 failed, 
1 total
Tests:       1 failed, 
1 passed, 2 total
Snapshots:   0 total
Time:        2.422 s, 
estimated 3 s
Ran all test suites 
matching 
tests/user.test.js.
